# session_header: future version=2 rec_len=20 — read it, do not reject it
kind=header
crc_ok=1
magic_ok=1
version=2
hdr_len=256
rec_len=20
num_probes=4
flag_clock_valid=1
flag_closed=0
flag_pinned=0
flag_source_celsius=0
session_id=99
started_unix_ms=1774051200000
ended_unix_ms=0
started_uptime_s=12
sample_period_s=30
sample_count=3
device_id=|abCDe
name=Future v2
probe_name0=Pit
probe_name1=Food
probe_name2=
probe_name3=
probe_role0=1
probe_role1=2
probe_role2=0
probe_role3=0
probe_target0=2250
probe_target1=2030
probe_target2=0
probe_target3=0
mark_count=0
