# session_header: clock_valid clear; started_unix_ms 0 until back-patched
kind=header
crc_ok=1
magic_ok=1
version=1
hdr_len=256
rec_len=16
num_probes=4
flag_clock_valid=0
flag_closed=0
flag_pinned=0
flag_source_celsius=0
session_id=27
started_unix_ms=0
ended_unix_ms=0
started_uptime_s=413
sample_period_s=30
sample_count=0
device_id=|abCDe
name=Brisket
probe_name0=Pit
probe_name1=Point
probe_name2=Flat
probe_name3=Ambient
probe_role0=1
probe_role1=2
probe_role2=2
probe_role3=3
probe_target0=2250
probe_target1=2030
probe_target2=2030
probe_target3=0
mark_count=0
